[2026-04-18 13:47:24,105] 31 root - INFO - Requesting: https://api.openf1.org/v1/sessions?year=2023&circuit_short_name=Yas+Marina+Circuit
[2026-04-18 13:47:24,845] 37 root - INFO - Success! Response code: 200
[2026-04-18 13:47:24,857] 36 root - INFO - Found session_key: 9197
[2026-04-18 13:47:24,857] 31 root - INFO - Requesting: https://api.openf1.org/v1/laps?session_key=9197
[2026-04-18 13:47:26,222] 37 root - INFO - Success! Response code: 200
[2026-04-18 13:47:26,227] 31 root - INFO - Requesting: https://api.openf1.org/v1/stints?session_key=9197
[2026-04-18 13:47:26,727] 37 root - INFO - Success! Response code: 200
[2026-04-18 13:47:26,728] 31 root - INFO - Requesting: https://api.openf1.org/v1/pit?session_key=9197
[2026-04-18 13:47:27,233] 37 root - INFO - Success! Response code: 200
[2026-04-18 13:47:27,242] 31 root - INFO - Requesting: https://api.openf1.org/v1/drivers?session_key=9197
[2026-04-18 13:47:27,794] 37 root - INFO - Success! Response code: 200
[2026-04-18 13:47:27,796] 31 root - INFO - Requesting: https://api.openf1.org/v1/weather?session_key=9197
[2026-04-18 13:47:28,457] 37 root - INFO - Success! Response code: 200
[2026-04-18 13:47:28,459] 31 root - INFO - Requesting: https://api.openf1.org/v1/race_control?session_key=9197
[2026-04-18 13:47:29,185] 37 root - INFO - Success! Response code: 200
[2026-04-18 13:47:29,186] 517 root - INFO - Building Lap dataset...
[2026-04-18 13:47:29,186] 519 root - INFO - =======> Merging stint data...
[2026-04-18 13:47:29,213] 522 root - INFO - =======> Merging race conditions ...
[2026-04-18 13:47:29,240] 525 root - INFO - =======> Merging pitting information...
[2026-04-18 13:47:29,291] 528 root - INFO - =======> Merging driver data...
[2026-04-18 13:47:29,293] 534 root - INFO - Building Micro-sector telemetry dataset...
[2026-04-18 13:47:29,298] 193 root - INFO - Downloading telemetry for driver 1
[2026-04-18 13:47:29,298] 31 root - INFO - Requesting: https://api.openf1.org/v1/car_data?session_key=9197&driver_number=1
[2026-04-18 13:47:33,337] 37 root - INFO - Success! Response code: 200
[2026-04-18 13:47:33,456] 205 root - INFO - Assigning Laps to Telemetry...
[2026-04-18 13:47:33,501] 208 root - INFO - Building micro-sectors and aggregate...
[2026-04-18 13:47:33,546] 193 root - INFO - Downloading telemetry for driver 2
[2026-04-18 13:47:33,546] 31 root - INFO - Requesting: https://api.openf1.org/v1/car_data?session_key=9197&driver_number=2
[2026-04-18 13:47:37,935] 37 root - INFO - Success! Response code: 200
[2026-04-18 13:47:38,059] 205 root - INFO - Assigning Laps to Telemetry...
[2026-04-18 13:47:38,103] 208 root - INFO - Building micro-sectors and aggregate...
[2026-04-18 13:47:38,145] 193 root - INFO - Downloading telemetry for driver 3
[2026-04-18 13:47:38,145] 31 root - INFO - Requesting: https://api.openf1.org/v1/car_data?session_key=9197&driver_number=3
[2026-04-18 13:47:42,536] 37 root - INFO - Success! Response code: 200
[2026-04-18 13:47:42,706] 205 root - INFO - Assigning Laps to Telemetry...
[2026-04-18 13:47:42,755] 208 root - INFO - Building micro-sectors and aggregate...
[2026-04-18 13:47:42,819] 193 root - INFO - Downloading telemetry for driver 4
[2026-04-18 13:47:42,819] 31 root - INFO - Requesting: https://api.openf1.org/v1/car_data?session_key=9197&driver_number=4
[2026-04-18 13:47:46,407] 37 root - INFO - Success! Response code: 200
[2026-04-18 13:47:46,536] 205 root - INFO - Assigning Laps to Telemetry...
[2026-04-18 13:47:46,579] 208 root - INFO - Building micro-sectors and aggregate...
[2026-04-18 13:47:46,635] 193 root - INFO - Downloading telemetry for driver 10
[2026-04-18 13:47:46,635] 31 root - INFO - Requesting: https://api.openf1.org/v1/car_data?session_key=9197&driver_number=10
[2026-04-18 13:47:50,165] 37 root - INFO - Success! Response code: 200
[2026-04-18 13:47:50,288] 205 root - INFO - Assigning Laps to Telemetry...
[2026-04-18 13:47:50,330] 208 root - INFO - Building micro-sectors and aggregate...
[2026-04-18 13:47:50,372] 193 root - INFO - Downloading telemetry for driver 11
[2026-04-18 13:47:50,372] 31 root - INFO - Requesting: https://api.openf1.org/v1/car_data?session_key=9197&driver_number=11
[2026-04-18 13:47:53,977] 37 root - INFO - Success! Response code: 200
[2026-04-18 13:47:54,107] 205 root - INFO - Assigning Laps to Telemetry...
[2026-04-18 13:47:54,153] 208 root - INFO - Building micro-sectors and aggregate...
[2026-04-18 13:47:54,195] 193 root - INFO - Downloading telemetry for driver 14
[2026-04-18 13:47:54,195] 31 root - INFO - Requesting: https://api.openf1.org/v1/car_data?session_key=9197&driver_number=14
[2026-04-18 13:47:58,233] 37 root - INFO - Success! Response code: 200
[2026-04-18 13:47:58,484] 205 root - INFO - Assigning Laps to Telemetry...
[2026-04-18 13:47:58,646] 208 root - INFO - Building micro-sectors and aggregate...
[2026-04-18 13:47:58,723] 193 root - INFO - Downloading telemetry for driver 16
[2026-04-18 13:47:58,723] 31 root - INFO - Requesting: https://api.openf1.org/v1/car_data?session_key=9197&driver_number=16
[2026-04-18 13:48:02,794] 37 root - INFO - Success! Response code: 200
[2026-04-18 13:48:02,968] 205 root - INFO - Assigning Laps to Telemetry...
[2026-04-18 13:48:03,022] 208 root - INFO - Building micro-sectors and aggregate...
[2026-04-18 13:48:03,064] 193 root - INFO - Downloading telemetry for driver 18
[2026-04-18 13:48:03,064] 31 root - INFO - Requesting: https://api.openf1.org/v1/car_data?session_key=9197&driver_number=18
[2026-04-18 13:48:07,565] 37 root - INFO - Success! Response code: 200
[2026-04-18 13:48:07,685] 205 root - INFO - Assigning Laps to Telemetry...
[2026-04-18 13:48:07,726] 208 root - INFO - Building micro-sectors and aggregate...
[2026-04-18 13:48:07,765] 193 root - INFO - Downloading telemetry for driver 20
[2026-04-18 13:48:07,765] 31 root - INFO - Requesting: https://api.openf1.org/v1/car_data?session_key=9197&driver_number=20
[2026-04-18 13:48:13,032] 37 root - INFO - Success! Response code: 200
[2026-04-18 13:48:13,158] 205 root - INFO - Assigning Laps to Telemetry...
[2026-04-18 13:48:13,202] 208 root - INFO - Building micro-sectors and aggregate...
[2026-04-18 13:48:13,249] 193 root - INFO - Downloading telemetry for driver 22
[2026-04-18 13:48:13,249] 31 root - INFO - Requesting: https://api.openf1.org/v1/car_data?session_key=9197&driver_number=22
[2026-04-18 13:48:18,220] 37 root - INFO - Success! Response code: 200
[2026-04-18 13:48:18,342] 205 root - INFO - Assigning Laps to Telemetry...
[2026-04-18 13:48:18,388] 208 root - INFO - Building micro-sectors and aggregate...
[2026-04-18 13:48:18,436] 193 root - INFO - Downloading telemetry for driver 23
[2026-04-18 13:48:18,436] 31 root - INFO - Requesting: https://api.openf1.org/v1/car_data?session_key=9197&driver_number=23
[2026-04-18 13:48:22,709] 37 root - INFO - Success! Response code: 200
[2026-04-18 13:48:22,827] 205 root - INFO - Assigning Laps to Telemetry...
[2026-04-18 13:48:22,868] 208 root - INFO - Building micro-sectors and aggregate...
[2026-04-18 13:48:22,972] 193 root - INFO - Downloading telemetry for driver 24
[2026-04-18 13:48:22,972] 31 root - INFO - Requesting: https://api.openf1.org/v1/car_data?session_key=9197&driver_number=24
[2026-04-18 13:48:26,885] 37 root - INFO - Success! Response code: 200
[2026-04-18 13:48:27,016] 205 root - INFO - Assigning Laps to Telemetry...
[2026-04-18 13:48:27,058] 208 root - INFO - Building micro-sectors and aggregate...
[2026-04-18 13:48:27,099] 193 root - INFO - Downloading telemetry for driver 27
[2026-04-18 13:48:27,099] 31 root - INFO - Requesting: https://api.openf1.org/v1/car_data?session_key=9197&driver_number=27
[2026-04-18 13:48:30,776] 37 root - INFO - Success! Response code: 200
[2026-04-18 13:48:30,907] 205 root - INFO - Assigning Laps to Telemetry...
[2026-04-18 13:48:30,952] 208 root - INFO - Building micro-sectors and aggregate...
[2026-04-18 13:48:30,993] 193 root - INFO - Downloading telemetry for driver 31
[2026-04-18 13:48:30,993] 31 root - INFO - Requesting: https://api.openf1.org/v1/car_data?session_key=9197&driver_number=31
[2026-04-18 13:48:35,215] 37 root - INFO - Success! Response code: 200
[2026-04-18 13:48:35,380] 205 root - INFO - Assigning Laps to Telemetry...
[2026-04-18 13:48:35,431] 208 root - INFO - Building micro-sectors and aggregate...
[2026-04-18 13:48:35,473] 193 root - INFO - Downloading telemetry for driver 44
[2026-04-18 13:48:35,473] 31 root - INFO - Requesting: https://api.openf1.org/v1/car_data?session_key=9197&driver_number=44
[2026-04-18 13:48:39,171] 37 root - INFO - Success! Response code: 200
[2026-04-18 13:48:39,293] 205 root - INFO - Assigning Laps to Telemetry...
[2026-04-18 13:48:39,337] 208 root - INFO - Building micro-sectors and aggregate...
[2026-04-18 13:48:39,378] 193 root - INFO - Downloading telemetry for driver 55
[2026-04-18 13:48:39,378] 31 root - INFO - Requesting: https://api.openf1.org/v1/car_data?session_key=9197&driver_number=55
[2026-04-18 13:48:43,476] 37 root - INFO - Success! Response code: 200
[2026-04-18 13:48:43,593] 205 root - INFO - Assigning Laps to Telemetry...
[2026-04-18 13:48:43,637] 208 root - INFO - Building micro-sectors and aggregate...
[2026-04-18 13:48:43,677] 193 root - INFO - Downloading telemetry for driver 63
[2026-04-18 13:48:43,677] 31 root - INFO - Requesting: https://api.openf1.org/v1/car_data?session_key=9197&driver_number=63
[2026-04-18 13:48:47,639] 37 root - INFO - Success! Response code: 200
[2026-04-18 13:48:47,759] 205 root - INFO - Assigning Laps to Telemetry...
[2026-04-18 13:48:47,801] 208 root - INFO - Building micro-sectors and aggregate...
[2026-04-18 13:48:47,841] 193 root - INFO - Downloading telemetry for driver 77
[2026-04-18 13:48:47,841] 31 root - INFO - Requesting: https://api.openf1.org/v1/car_data?session_key=9197&driver_number=77
[2026-04-18 13:48:51,938] 37 root - INFO - Success! Response code: 200
[2026-04-18 13:48:52,063] 205 root - INFO - Assigning Laps to Telemetry...
[2026-04-18 13:48:52,106] 208 root - INFO - Building micro-sectors and aggregate...
[2026-04-18 13:48:52,147] 193 root - INFO - Downloading telemetry for driver 81
[2026-04-18 13:48:52,148] 31 root - INFO - Requesting: https://api.openf1.org/v1/car_data?session_key=9197&driver_number=81
[2026-04-18 13:48:56,132] 37 root - INFO - Success! Response code: 200
[2026-04-18 13:48:56,249] 205 root - INFO - Assigning Laps to Telemetry...
[2026-04-18 13:48:56,289] 208 root - INFO - Building micro-sectors and aggregate...
[2026-04-18 13:48:56,333] 541 root - INFO - =======> Merging weather data...
[2026-04-18 13:48:56,365] 545 root - INFO - =======> Merging driver data...
[2026-04-18 13:48:56,372] 548 root - INFO - =======> Merging stint data...
[2026-04-18 13:48:57,208] 29 root - INFO - Success! Micro-telemetry data saved to data/main/telemetry_micro_all_2023_AbuDhabi_R_m100.csv
[2026-04-18 13:48:57,217] 32 root - INFO - Success! Lap data saved to data/main/laps_all_2023_AbuDhabi_R.csv
[2026-04-18 13:48:57,218] 34 root - INFO - =====Data Collection execution finished=====
