[2026-04-18 15:25:39,607] 31 root - INFO - Requesting: https://api.openf1.org/v1/sessions?year=2023&circuit_short_name=Yas+Marina+Circuit
[2026-04-18 15:25:40,440] 37 root - INFO - Success! Response code: 200
[2026-04-18 15:25:40,451] 36 root - INFO - Found session_key: 9197
[2026-04-18 15:25:40,451] 31 root - INFO - Requesting: https://api.openf1.org/v1/laps?session_key=9197
[2026-04-18 15:25:41,857] 37 root - INFO - Success! Response code: 200
[2026-04-18 15:25:41,859] 31 root - INFO - Requesting: https://api.openf1.org/v1/stints?session_key=9197
[2026-04-18 15:25:42,351] 37 root - INFO - Success! Response code: 200
[2026-04-18 15:25:42,352] 31 root - INFO - Requesting: https://api.openf1.org/v1/pit?session_key=9197
[2026-04-18 15:25:42,868] 37 root - INFO - Success! Response code: 200
[2026-04-18 15:25:42,869] 31 root - INFO - Requesting: https://api.openf1.org/v1/drivers?session_key=9197
[2026-04-18 15:25:43,361] 37 root - INFO - Success! Response code: 200
[2026-04-18 15:25:43,362] 31 root - INFO - Requesting: https://api.openf1.org/v1/weather?session_key=9197
[2026-04-18 15:25:44,091] 37 root - INFO - Success! Response code: 200
[2026-04-18 15:25:44,095] 31 root - INFO - Requesting: https://api.openf1.org/v1/race_control?session_key=9197
[2026-04-18 15:25:44,828] 37 root - INFO - Success! Response code: 200
[2026-04-18 15:25:44,829] 519 root - INFO - Building Lap dataset...
[2026-04-18 15:25:44,829] 521 root - INFO - =======> Merging stint data...
[2026-04-18 15:25:44,843] 524 root - INFO - =======> Merging race conditions ...
[2026-04-18 15:25:44,859] 527 root - INFO - =======> Merging pitting information...
[2026-04-18 15:25:44,892] 530 root - INFO - =======> Merging driver data...
[2026-04-18 15:25:44,894] 536 root - INFO - Building Micro-sector telemetry dataset...
[2026-04-18 15:25:44,897] 193 root - INFO - Downloading telemetry for driver 1
[2026-04-18 15:25:44,897] 31 root - INFO - Requesting: https://api.openf1.org/v1/car_data?session_key=9197&driver_number=1
[2026-04-18 15:25:48,679] 37 root - INFO - Success! Response code: 200
[2026-04-18 15:25:48,761] 205 root - INFO - Assigning Laps to Telemetry...
[2026-04-18 15:25:48,792] 208 root - INFO - Building micro-sectors and aggregate...
[2026-04-18 15:25:48,821] 193 root - INFO - Downloading telemetry for driver 2
[2026-04-18 15:25:48,821] 31 root - INFO - Requesting: https://api.openf1.org/v1/car_data?session_key=9197&driver_number=2
[2026-04-18 15:25:54,823] 37 root - INFO - Success! Response code: 200
[2026-04-18 15:25:54,915] 205 root - INFO - Assigning Laps to Telemetry...
[2026-04-18 15:25:54,966] 208 root - INFO - Building micro-sectors and aggregate...
[2026-04-18 15:25:55,014] 193 root - INFO - Downloading telemetry for driver 3
[2026-04-18 15:25:55,014] 31 root - INFO - Requesting: https://api.openf1.org/v1/car_data?session_key=9197&driver_number=3
[2026-04-18 15:25:59,261] 37 root - INFO - Success! Response code: 200
[2026-04-18 15:25:59,343] 205 root - INFO - Assigning Laps to Telemetry...
[2026-04-18 15:25:59,372] 208 root - INFO - Building micro-sectors and aggregate...
[2026-04-18 15:25:59,396] 193 root - INFO - Downloading telemetry for driver 4
[2026-04-18 15:25:59,396] 31 root - INFO - Requesting: https://api.openf1.org/v1/car_data?session_key=9197&driver_number=4
[2026-04-18 15:26:03,617] 37 root - INFO - Success! Response code: 200
[2026-04-18 15:26:03,696] 205 root - INFO - Assigning Laps to Telemetry...
[2026-04-18 15:26:03,724] 208 root - INFO - Building micro-sectors and aggregate...
[2026-04-18 15:26:03,751] 193 root - INFO - Downloading telemetry for driver 10
[2026-04-18 15:26:03,751] 31 root - INFO - Requesting: https://api.openf1.org/v1/car_data?session_key=9197&driver_number=10
[2026-04-18 15:26:08,390] 37 root - INFO - Success! Response code: 200
[2026-04-18 15:26:08,479] 205 root - INFO - Assigning Laps to Telemetry...
[2026-04-18 15:26:08,526] 208 root - INFO - Building micro-sectors and aggregate...
[2026-04-18 15:26:08,568] 193 root - INFO - Downloading telemetry for driver 11
[2026-04-18 15:26:08,569] 31 root - INFO - Requesting: https://api.openf1.org/v1/car_data?session_key=9197&driver_number=11
[2026-04-18 15:26:13,268] 37 root - INFO - Success! Response code: 200
[2026-04-18 15:26:13,349] 205 root - INFO - Assigning Laps to Telemetry...
[2026-04-18 15:26:13,379] 208 root - INFO - Building micro-sectors and aggregate...
[2026-04-18 15:26:13,410] 193 root - INFO - Downloading telemetry for driver 14
[2026-04-18 15:26:13,410] 31 root - INFO - Requesting: https://api.openf1.org/v1/car_data?session_key=9197&driver_number=14
[2026-04-18 15:26:17,967] 37 root - INFO - Success! Response code: 200
[2026-04-18 15:26:18,044] 205 root - INFO - Assigning Laps to Telemetry...
[2026-04-18 15:26:18,071] 208 root - INFO - Building micro-sectors and aggregate...
[2026-04-18 15:26:18,099] 193 root - INFO - Downloading telemetry for driver 16
[2026-04-18 15:26:18,099] 31 root - INFO - Requesting: https://api.openf1.org/v1/car_data?session_key=9197&driver_number=16
[2026-04-18 15:26:22,505] 37 root - INFO - Success! Response code: 200
[2026-04-18 15:26:22,585] 205 root - INFO - Assigning Laps to Telemetry...
[2026-04-18 15:26:22,612] 208 root - INFO - Building micro-sectors and aggregate...
[2026-04-18 15:26:22,660] 193 root - INFO - Downloading telemetry for driver 18
[2026-04-18 15:26:22,661] 31 root - INFO - Requesting: https://api.openf1.org/v1/car_data?session_key=9197&driver_number=18
[2026-04-18 15:26:29,851] 37 root - INFO - Success! Response code: 200
[2026-04-18 15:26:29,936] 205 root - INFO - Assigning Laps to Telemetry...
[2026-04-18 15:26:29,964] 208 root - INFO - Building micro-sectors and aggregate...
[2026-04-18 15:26:29,990] 193 root - INFO - Downloading telemetry for driver 20
[2026-04-18 15:26:29,991] 31 root - INFO - Requesting: https://api.openf1.org/v1/car_data?session_key=9197&driver_number=20
[2026-04-18 15:26:33,970] 37 root - INFO - Success! Response code: 200
[2026-04-18 15:26:34,054] 205 root - INFO - Assigning Laps to Telemetry...
[2026-04-18 15:26:34,081] 208 root - INFO - Building micro-sectors and aggregate...
[2026-04-18 15:26:34,108] 193 root - INFO - Downloading telemetry for driver 22
[2026-04-18 15:26:34,108] 31 root - INFO - Requesting: https://api.openf1.org/v1/car_data?session_key=9197&driver_number=22
[2026-04-18 15:26:38,452] 37 root - INFO - Success! Response code: 200
[2026-04-18 15:26:38,532] 205 root - INFO - Assigning Laps to Telemetry...
[2026-04-18 15:26:38,559] 208 root - INFO - Building micro-sectors and aggregate...
[2026-04-18 15:26:38,582] 193 root - INFO - Downloading telemetry for driver 23
[2026-04-18 15:26:38,582] 31 root - INFO - Requesting: https://api.openf1.org/v1/car_data?session_key=9197&driver_number=23
[2026-04-18 15:26:42,849] 37 root - INFO - Success! Response code: 200
[2026-04-18 15:26:42,922] 205 root - INFO - Assigning Laps to Telemetry...
[2026-04-18 15:26:42,948] 208 root - INFO - Building micro-sectors and aggregate...
[2026-04-18 15:26:42,973] 193 root - INFO - Downloading telemetry for driver 24
[2026-04-18 15:26:42,973] 31 root - INFO - Requesting: https://api.openf1.org/v1/car_data?session_key=9197&driver_number=24
[2026-04-18 15:26:47,716] 37 root - INFO - Success! Response code: 200
[2026-04-18 15:26:47,793] 205 root - INFO - Assigning Laps to Telemetry...
[2026-04-18 15:26:47,819] 208 root - INFO - Building micro-sectors and aggregate...
[2026-04-18 15:26:47,848] 193 root - INFO - Downloading telemetry for driver 27
[2026-04-18 15:26:47,848] 31 root - INFO - Requesting: https://api.openf1.org/v1/car_data?session_key=9197&driver_number=27
[2026-04-18 15:26:51,420] 37 root - INFO - Success! Response code: 200
[2026-04-18 15:26:51,495] 205 root - INFO - Assigning Laps to Telemetry...
[2026-04-18 15:26:51,521] 208 root - INFO - Building micro-sectors and aggregate...
[2026-04-18 15:26:51,546] 193 root - INFO - Downloading telemetry for driver 31
[2026-04-18 15:26:51,547] 31 root - INFO - Requesting: https://api.openf1.org/v1/car_data?session_key=9197&driver_number=31
[2026-04-18 15:26:55,509] 37 root - INFO - Success! Response code: 200
[2026-04-18 15:26:55,591] 205 root - INFO - Assigning Laps to Telemetry...
[2026-04-18 15:26:55,623] 208 root - INFO - Building micro-sectors and aggregate...
[2026-04-18 15:26:55,658] 193 root - INFO - Downloading telemetry for driver 44
[2026-04-18 15:26:55,658] 31 root - INFO - Requesting: https://api.openf1.org/v1/car_data?session_key=9197&driver_number=44
[2026-04-18 15:26:59,281] 37 root - INFO - Success! Response code: 200
[2026-04-18 15:26:59,356] 205 root - INFO - Assigning Laps to Telemetry...
[2026-04-18 15:26:59,382] 208 root - INFO - Building micro-sectors and aggregate...
[2026-04-18 15:26:59,407] 193 root - INFO - Downloading telemetry for driver 55
[2026-04-18 15:26:59,407] 31 root - INFO - Requesting: https://api.openf1.org/v1/car_data?session_key=9197&driver_number=55
[2026-04-18 15:27:03,257] 37 root - INFO - Success! Response code: 200
[2026-04-18 15:27:03,330] 205 root - INFO - Assigning Laps to Telemetry...
[2026-04-18 15:27:03,357] 208 root - INFO - Building micro-sectors and aggregate...
[2026-04-18 15:27:03,386] 193 root - INFO - Downloading telemetry for driver 63
[2026-04-18 15:27:03,386] 31 root - INFO - Requesting: https://api.openf1.org/v1/car_data?session_key=9197&driver_number=63
[2026-04-18 15:27:07,791] 37 root - INFO - Success! Response code: 200
[2026-04-18 15:27:07,863] 205 root - INFO - Assigning Laps to Telemetry...
[2026-04-18 15:27:07,889] 208 root - INFO - Building micro-sectors and aggregate...
[2026-04-18 15:27:07,911] 193 root - INFO - Downloading telemetry for driver 77
[2026-04-18 15:27:07,911] 31 root - INFO - Requesting: https://api.openf1.org/v1/car_data?session_key=9197&driver_number=77
[2026-04-18 15:27:12,581] 37 root - INFO - Success! Response code: 200
[2026-04-18 15:27:12,662] 205 root - INFO - Assigning Laps to Telemetry...
[2026-04-18 15:27:12,690] 208 root - INFO - Building micro-sectors and aggregate...
[2026-04-18 15:27:12,713] 193 root - INFO - Downloading telemetry for driver 81
[2026-04-18 15:27:12,713] 31 root - INFO - Requesting: https://api.openf1.org/v1/car_data?session_key=9197&driver_number=81
[2026-04-18 15:27:18,677] 37 root - INFO - Success! Response code: 200
[2026-04-18 15:27:18,751] 205 root - INFO - Assigning Laps to Telemetry...
[2026-04-18 15:27:18,776] 208 root - INFO - Building micro-sectors and aggregate...
[2026-04-18 15:27:18,804] 543 root - INFO - =======> Merging weather data...
[2026-04-18 15:27:18,823] 547 root - INFO - =======> Merging driver data...
[2026-04-18 15:27:18,827] 550 root - INFO - =======> Merging stint data...
[2026-04-18 15:27:19,344] 29 root - INFO - Success! Micro-telemetry data saved to data/main/telemetry_micro_all_2023_AbuDhabi_R_m100.csv
[2026-04-18 15:27:19,349] 32 root - INFO - Success! Lap data saved to data/main/laps_all_2023_AbuDhabi_R.csv
[2026-04-18 15:27:19,349] 34 root - INFO - =====Data Collection execution finished=====
