[2026-04-17 12:53:18,772] 31 root - INFO - Requesting: https://api.openf1.org/v1/sessions?year=2023&circuit_short_name=Yas+Marina+Circuit
[2026-04-17 12:53:20,087] 37 root - INFO - Success! Response code: 200
[2026-04-17 12:53:20,095] 36 root - INFO - Found session_key: 9197
[2026-04-17 12:53:20,096] 31 root - INFO - Requesting: https://api.openf1.org/v1/laps?session_key=9197
[2026-04-17 12:53:21,497] 37 root - INFO - Success! Response code: 200
[2026-04-17 12:53:21,502] 31 root - INFO - Requesting: https://api.openf1.org/v1/stints?session_key=9197
[2026-04-17 12:53:22,443] 37 root - INFO - Success! Response code: 200
[2026-04-17 12:53:22,444] 31 root - INFO - Requesting: https://api.openf1.org/v1/pit?session_key=9197
[2026-04-17 12:53:22,939] 37 root - INFO - Success! Response code: 200
[2026-04-17 12:53:22,940] 31 root - INFO - Requesting: https://api.openf1.org/v1/drivers?session_key=9197
[2026-04-17 12:53:23,429] 37 root - INFO - Success! Response code: 200
[2026-04-17 12:53:23,430] 31 root - INFO - Requesting: https://api.openf1.org/v1/weather?session_key=9197
[2026-04-17 12:53:24,091] 37 root - INFO - Success! Response code: 200
[2026-04-17 12:53:24,092] 31 root - INFO - Requesting: https://api.openf1.org/v1/race_control?session_key=9197
[2026-04-17 12:53:24,749] 37 root - INFO - Success! Response code: 200
[2026-04-17 12:53:24,751] 514 root - INFO - Building Lap dataset...
[2026-04-17 12:53:24,751] 516 root - INFO - =======> Merging stint data...
[2026-04-17 12:53:24,777] 519 root - INFO - =======> Merging race conditions ...
[2026-04-17 12:53:24,801] 522 root - INFO - =======> Merging pitting information...
[2026-04-17 12:53:24,853] 525 root - INFO - =======> Merging driver data...
[2026-04-17 12:53:24,855] 531 root - INFO - Building Micro-sector telemetry dataset...
[2026-04-17 12:53:24,860] 193 root - INFO - Downloading telemetry for driver 1
[2026-04-17 12:53:24,861] 31 root - INFO - Requesting: https://api.openf1.org/v1/car_data?session_key=9197&driver_number=1
[2026-04-17 12:53:28,844] 37 root - INFO - Success! Response code: 200
[2026-04-17 12:53:28,963] 205 root - INFO - Assigning Laps to Telemetry...
[2026-04-17 12:53:29,007] 208 root - INFO - Building micro-sectors and aggregate...
[2026-04-17 12:53:29,052] 193 root - INFO - Downloading telemetry for driver 2
[2026-04-17 12:53:29,052] 31 root - INFO - Requesting: https://api.openf1.org/v1/car_data?session_key=9197&driver_number=2
[2026-04-17 12:53:33,208] 37 root - INFO - Success! Response code: 200
[2026-04-17 12:53:33,330] 205 root - INFO - Assigning Laps to Telemetry...
[2026-04-17 12:53:33,373] 208 root - INFO - Building micro-sectors and aggregate...
[2026-04-17 12:53:33,414] 193 root - INFO - Downloading telemetry for driver 3
[2026-04-17 12:53:33,414] 31 root - INFO - Requesting: https://api.openf1.org/v1/car_data?session_key=9197&driver_number=3
[2026-04-17 12:53:37,930] 37 root - INFO - Success! Response code: 200
[2026-04-17 12:53:38,050] 205 root - INFO - Assigning Laps to Telemetry...
[2026-04-17 12:53:38,092] 208 root - INFO - Building micro-sectors and aggregate...
[2026-04-17 12:53:38,146] 193 root - INFO - Downloading telemetry for driver 4
[2026-04-17 12:53:38,146] 31 root - INFO - Requesting: https://api.openf1.org/v1/car_data?session_key=9197&driver_number=4
[2026-04-17 12:53:43,116] 37 root - INFO - Success! Response code: 200
[2026-04-17 12:53:43,236] 205 root - INFO - Assigning Laps to Telemetry...
[2026-04-17 12:53:43,279] 208 root - INFO - Building micro-sectors and aggregate...
[2026-04-17 12:53:43,318] 193 root - INFO - Downloading telemetry for driver 10
[2026-04-17 12:53:43,319] 31 root - INFO - Requesting: https://api.openf1.org/v1/car_data?session_key=9197&driver_number=10
[2026-04-17 12:53:46,912] 37 root - INFO - Success! Response code: 200
[2026-04-17 12:53:47,029] 205 root - INFO - Assigning Laps to Telemetry...
[2026-04-17 12:53:47,072] 208 root - INFO - Building micro-sectors and aggregate...
[2026-04-17 12:53:47,113] 193 root - INFO - Downloading telemetry for driver 11
[2026-04-17 12:53:47,113] 31 root - INFO - Requesting: https://api.openf1.org/v1/car_data?session_key=9197&driver_number=11
[2026-04-17 12:53:50,708] 37 root - INFO - Success! Response code: 200
[2026-04-17 12:53:50,825] 205 root - INFO - Assigning Laps to Telemetry...
[2026-04-17 12:53:50,866] 208 root - INFO - Building micro-sectors and aggregate...
[2026-04-17 12:53:50,903] 193 root - INFO - Downloading telemetry for driver 14
[2026-04-17 12:53:50,903] 31 root - INFO - Requesting: https://api.openf1.org/v1/car_data?session_key=9197&driver_number=14
[2026-04-17 12:53:54,745] 37 root - INFO - Success! Response code: 200
[2026-04-17 12:53:54,862] 205 root - INFO - Assigning Laps to Telemetry...
[2026-04-17 12:53:54,902] 208 root - INFO - Building micro-sectors and aggregate...
[2026-04-17 12:53:54,940] 193 root - INFO - Downloading telemetry for driver 16
[2026-04-17 12:53:54,940] 31 root - INFO - Requesting: https://api.openf1.org/v1/car_data?session_key=9197&driver_number=16
[2026-04-17 12:53:58,839] 37 root - INFO - Success! Response code: 200
[2026-04-17 12:53:58,956] 205 root - INFO - Assigning Laps to Telemetry...
[2026-04-17 12:53:58,997] 208 root - INFO - Building micro-sectors and aggregate...
[2026-04-17 12:53:59,037] 193 root - INFO - Downloading telemetry for driver 18
[2026-04-17 12:53:59,037] 31 root - INFO - Requesting: https://api.openf1.org/v1/car_data?session_key=9197&driver_number=18
[2026-04-17 12:54:02,652] 37 root - INFO - Success! Response code: 200
[2026-04-17 12:54:02,770] 205 root - INFO - Assigning Laps to Telemetry...
[2026-04-17 12:54:02,811] 208 root - INFO - Building micro-sectors and aggregate...
[2026-04-17 12:54:02,848] 193 root - INFO - Downloading telemetry for driver 20
[2026-04-17 12:54:02,848] 31 root - INFO - Requesting: https://api.openf1.org/v1/car_data?session_key=9197&driver_number=20
[2026-04-17 12:54:06,883] 37 root - INFO - Success! Response code: 200
[2026-04-17 12:54:07,001] 205 root - INFO - Assigning Laps to Telemetry...
[2026-04-17 12:54:07,040] 208 root - INFO - Building micro-sectors and aggregate...
[2026-04-17 12:54:07,081] 193 root - INFO - Downloading telemetry for driver 22
[2026-04-17 12:54:07,081] 31 root - INFO - Requesting: https://api.openf1.org/v1/car_data?session_key=9197&driver_number=22
[2026-04-17 12:54:12,011] 37 root - INFO - Success! Response code: 200
[2026-04-17 12:54:12,132] 205 root - INFO - Assigning Laps to Telemetry...
[2026-04-17 12:54:12,175] 208 root - INFO - Building micro-sectors and aggregate...
[2026-04-17 12:54:12,216] 193 root - INFO - Downloading telemetry for driver 23
[2026-04-17 12:54:12,216] 31 root - INFO - Requesting: https://api.openf1.org/v1/car_data?session_key=9197&driver_number=23
[2026-04-17 12:54:19,123] 37 root - INFO - Success! Response code: 200
[2026-04-17 12:54:19,240] 205 root - INFO - Assigning Laps to Telemetry...
[2026-04-17 12:54:19,281] 208 root - INFO - Building micro-sectors and aggregate...
[2026-04-17 12:54:19,318] 193 root - INFO - Downloading telemetry for driver 24
[2026-04-17 12:54:19,318] 31 root - INFO - Requesting: https://api.openf1.org/v1/car_data?session_key=9197&driver_number=24
[2026-04-17 12:54:23,862] 37 root - INFO - Success! Response code: 200
[2026-04-17 12:54:23,995] 205 root - INFO - Assigning Laps to Telemetry...
[2026-04-17 12:54:24,037] 208 root - INFO - Building micro-sectors and aggregate...
[2026-04-17 12:54:24,074] 193 root - INFO - Downloading telemetry for driver 27
[2026-04-17 12:54:24,074] 31 root - INFO - Requesting: https://api.openf1.org/v1/car_data?session_key=9197&driver_number=27
[2026-04-17 12:54:27,889] 37 root - INFO - Success! Response code: 200
[2026-04-17 12:54:28,012] 205 root - INFO - Assigning Laps to Telemetry...
[2026-04-17 12:54:28,065] 208 root - INFO - Building micro-sectors and aggregate...
[2026-04-17 12:54:28,111] 193 root - INFO - Downloading telemetry for driver 31
[2026-04-17 12:54:28,111] 31 root - INFO - Requesting: https://api.openf1.org/v1/car_data?session_key=9197&driver_number=31
[2026-04-17 12:54:32,141] 37 root - INFO - Success! Response code: 200
[2026-04-17 12:54:32,261] 205 root - INFO - Assigning Laps to Telemetry...
[2026-04-17 12:54:32,303] 208 root - INFO - Building micro-sectors and aggregate...
[2026-04-17 12:54:32,342] 193 root - INFO - Downloading telemetry for driver 44
[2026-04-17 12:54:32,342] 31 root - INFO - Requesting: https://api.openf1.org/v1/car_data?session_key=9197&driver_number=44
[2026-04-17 12:54:36,289] 37 root - INFO - Success! Response code: 200
[2026-04-17 12:54:36,414] 205 root - INFO - Assigning Laps to Telemetry...
[2026-04-17 12:54:36,458] 208 root - INFO - Building micro-sectors and aggregate...
[2026-04-17 12:54:36,498] 193 root - INFO - Downloading telemetry for driver 55
[2026-04-17 12:54:36,498] 31 root - INFO - Requesting: https://api.openf1.org/v1/car_data?session_key=9197&driver_number=55
[2026-04-17 12:54:40,850] 37 root - INFO - Success! Response code: 200
[2026-04-17 12:54:40,968] 205 root - INFO - Assigning Laps to Telemetry...
[2026-04-17 12:54:41,011] 208 root - INFO - Building micro-sectors and aggregate...
[2026-04-17 12:54:41,050] 193 root - INFO - Downloading telemetry for driver 63
[2026-04-17 12:54:41,050] 31 root - INFO - Requesting: https://api.openf1.org/v1/car_data?session_key=9197&driver_number=63
[2026-04-17 12:54:45,647] 37 root - INFO - Success! Response code: 200
[2026-04-17 12:54:45,896] 205 root - INFO - Assigning Laps to Telemetry...
[2026-04-17 12:54:45,993] 208 root - INFO - Building micro-sectors and aggregate...
[2026-04-17 12:54:46,066] 193 root - INFO - Downloading telemetry for driver 77
[2026-04-17 12:54:46,067] 31 root - INFO - Requesting: https://api.openf1.org/v1/car_data?session_key=9197&driver_number=77
[2026-04-17 12:54:49,554] 37 root - INFO - Success! Response code: 200
[2026-04-17 12:54:49,675] 205 root - INFO - Assigning Laps to Telemetry...
[2026-04-17 12:54:49,721] 208 root - INFO - Building micro-sectors and aggregate...
[2026-04-17 12:54:49,769] 193 root - INFO - Downloading telemetry for driver 81
[2026-04-17 12:54:49,769] 31 root - INFO - Requesting: https://api.openf1.org/v1/car_data?session_key=9197&driver_number=81
[2026-04-17 12:54:53,537] 37 root - INFO - Success! Response code: 200
[2026-04-17 12:54:53,656] 205 root - INFO - Assigning Laps to Telemetry...
[2026-04-17 12:54:53,701] 208 root - INFO - Building micro-sectors and aggregate...
[2026-04-17 12:54:53,748] 538 root - INFO - =======> Merging weather data...
[2026-04-17 12:54:53,777] 542 root - INFO - =======> Merging driver data...
[2026-04-17 12:54:53,784] 545 root - INFO - =======> Merging stint data...
[2026-04-17 12:54:53,808] 23 root - INFO - Lap data saved to data/main/laps_all_2023_AbuDhabi_R.csv
